15:49:52 **** Build of configuration Debug for project P01_Basics ****
make -j16 all 
arm-none-eabi-gcc -mcpu=cortex-m4 -g3 -DDEBUG -c -x assembler-with-cpp -MMD -MP -MF"Startup/startup_stm32f407vgtx.d" -MT"Startup/startup_stm32f407vgtx.o" --specs=nano.specs -mfloat-abi=soft -mthumb -o "Startup/startup_stm32f407vgtx.o" "../Startup/startup_stm32f407vgtx.s"
arm-none-eabi-gcc "../Src/main.c" -mcpu=cortex-m4 -std=gnu11 -g3 -DDEBUG -DSTM32 -DSTM32F407G_DISC1 -DSTM32F4 -DSTM32F407VGTx -c -I../Inc -O0 -ffunction-sections -fdata-sections -Wall -fstack-usage -fcyclomatic-complexity -MMD -MP -MF"Src/main.d" -MT"Src/main.o" --specs=nano.specs -mfloat-abi=soft -mthumb -o "Src/main.o"
arm-none-eabi-gcc "../Src/syscalls.c" -mcpu=cortex-m4 -std=gnu11 -g3 -DDEBUG -DSTM32 -DSTM32F407G_DISC1 -DSTM32F4 -DSTM32F407VGTx -c -I../Inc -O0 -ffunction-sections -fdata-sections -Wall -fstack-usage -fcyclomatic-complexity -MMD -MP -MF"Src/syscalls.d" -MT"Src/syscalls.o" --specs=nano.specs -mfloat-abi=soft -mthumb -o "Src/syscalls.o"
arm-none-eabi-gcc "../Src/sysmem.c" -mcpu=cortex-m4 -std=gnu11 -g3 -DDEBUG -DSTM32 -DSTM32F407G_DISC1 -DSTM32F4 -DSTM32F407VGTx -c -I../Inc -O0 -ffunction-sections -fdata-sections -Wall -fstack-usage -fcyclomatic-complexity -MMD -MP -MF"Src/sysmem.d" -MT"Src/sysmem.o" --specs=nano.specs -mfloat-abi=soft -mthumb -o "Src/sysmem.o"
arm-none-eabi-gcc -o "P01_Basics.elf" @"objects.list"   -mcpu=cortex-m4 -T"C:\Users\def85\OneDrive\Desktop\All\Embedded Systems\advanced-embedded-systems\L05_STM32IDE\My_Workspace\target\P01_Basics\STM32F407VGTX_FLASH.ld" --specs=nosys.specs -Wl,-Map="P01_Basics.map" -Wl,--gc-sections -static --specs=nano.specs -mfloat-abi=soft -mthumb -Wl,--start-group -lc -lm -Wl,--end-group
Finished building target: P01_Basics.elf
 
arm-none-eabi-size  P01_Basics.elf 
arm-none-eabi-objdump -h -S P01_Basics.elf  > "P01_Basics.list"
   text	   data	    bss	    dec	    hex	filename
   3388	     92	   1900	   5380	   1504	P01_Basics.elf
Finished building: default.size.stdout
 
Finished building: P01_Basics.list
 
15:50:01 **** Incremental Build of configuration Debug for project P01_Basics ****
make -j16 all 
arm-none-eabi-size  P01_Basics.elf 
   text	   data	    bss	    dec	    hex	filename
   3388	     92	   1900	   5380	   1504	P01_Basics.elf
Finished building: default.size.stdout
 
